Archive member included to satisfy reference by file (symbol)

C:/ST/STM32CubeIDE_1.15.1/STM32CubeIDE/plugins/com.st.stm32cube.ide.mcu.externaltools.gnu-tools-for-stm32.12.3.rel1.win32_1.1.0.202410251130/tools/bin/../lib/gcc/arm-none-eabi/12.3.1/../../../../arm-none-eabi/lib/thumb/v7e-m+fp/hard\libc_nano.a(libc_a-exit.o)
                              C:/ST/STM32CubeIDE_1.15.1/STM32CubeIDE/plugins/com.st.stm32cube.ide.mcu.externaltools.gnu-tools-for-stm32.12.3.rel1.win32_1.1.0.202410251130/tools/bin/../lib/gcc/arm-none-eabi/12.3.1/../../../../arm-none-eabi/lib/thumb/v7e-m+fp/hard/crt0.o (exit)
C:/ST/STM32CubeIDE_1.15.1/STM32CubeIDE/plugins/com.st.stm32cube.ide.mcu.externaltools.gnu-tools-for-stm32.12.3.rel1.win32_1.1.0.202410251130/tools/bin/../lib/gcc/arm-none-eabi/12.3.1/../../../../arm-none-eabi/lib/thumb/v7e-m+fp/hard\libc_nano.a(libc_a-findfp.o)
                              C:/ST/STM32CubeIDE_1.15.1/STM32CubeIDE/plugins/com.st.stm32cube.ide.mcu.externaltools.gnu-tools-for-stm32.12.3.rel1.win32_1.1.0.202410251130/tools/bin/../lib/gcc/arm-none-eabi/12.3.1/../../../../arm-none-eabi/lib/thumb/v7e-m+fp/hard\libc_nano.a(libc_a-exit.o) (__stdio_exit_handler)
C:/ST/STM32CubeIDE_1.15.1/STM32CubeIDE/plugins/com.st.stm32cube.ide.mcu.externaltools.gnu-tools-for-stm32.12.3.rel1.win32_1.1.0.202410251130/tools/bin/../lib/gcc/arm-none-eabi/12.3.1/../../../../arm-none-eabi/lib/thumb/v7e-m+fp/hard\libc_nano.a(libc_a-fwalk.o)
                              C:/ST/STM32CubeIDE_1.15.1/STM32CubeIDE/plugins/com.st.stm32cube.ide.mcu.externaltools.gnu-tools-for-stm32.12.3.rel1.win32_1.1.0.202410251130/tools/bin/../lib/gcc/arm-none-eabi/12.3.1/../../../../arm-none-eabi/lib/thumb/v7e-m+fp/hard\libc_nano.a(libc_a-findfp.o) (_fwalk_sglue)
C:/ST/STM32CubeIDE_1.15.1/STM32CubeIDE/plugins/com.st.stm32cube.ide.mcu.externaltools.gnu-tools-for-stm32.12.3.rel1.win32_1.1.0.202410251130/tools/bin/../lib/gcc/arm-none-eabi/12.3.1/../../../../arm-none-eabi/lib/thumb/v7e-m+fp/hard\libc_nano.a(libc_a-stdio.o)
                              C:/ST/STM32CubeIDE_1.15.1/STM32CubeIDE/plugins/com.st.stm32cube.ide.mcu.externaltools.gnu-tools-for-stm32.12.3.rel1.win32_1.1.0.202410251130/tools/bin/../lib/gcc/arm-none-eabi/12.3.1/../../../../arm-none-eabi/lib/thumb/v7e-m+fp/hard\libc_nano.a(libc_a-findfp.o) (__sread)
C:/ST/STM32CubeIDE_1.15.1/STM32CubeIDE/plugins/com.st.stm32cube.ide.mcu.externaltools.gnu-tools-for-stm32.12.3.rel1.win32_1.1.0.202410251130/tools/bin/../lib/gcc/arm-none-eabi/12.3.1/../../../../arm-none-eabi/lib/thumb/v7e-m+fp/hard\libc_nano.a(libc_a-memset.o)
                              C:/ST/STM32CubeIDE_1.15.1/STM32CubeIDE/plugins/com.st.stm32cube.ide.mcu.externaltools.gnu-tools-for-stm32.12.3.rel1.win32_1.1.0.202410251130/tools/bin/../lib/gcc/arm-none-eabi/12.3.1/../../../../arm-none-eabi/lib/thumb/v7e-m+fp/hard/crt0.o (memset)
C:/ST/STM32CubeIDE_1.15.1/STM32CubeIDE/plugins/com.st.stm32cube.ide.mcu.externaltools.gnu-tools-for-stm32.12.3.rel1.win32_1.1.0.202410251130/tools/bin/../lib/gcc/arm-none-eabi/12.3.1/../../../../arm-none-eabi/lib/thumb/v7e-m+fp/hard\libc_nano.a(libc_a-closer.o)
                              C:/ST/STM32CubeIDE_1.15.1/STM32CubeIDE/plugins/com.st.stm32cube.ide.mcu.externaltools.gnu-tools-for-stm32.12.3.rel1.win32_1.1.0.202410251130/tools/bin/../lib/gcc/arm-none-eabi/12.3.1/../../../../arm-none-eabi/lib/thumb/v7e-m+fp/hard\libc_nano.a(libc_a-stdio.o) (_close_r)
C:/ST/STM32CubeIDE_1.15.1/STM32CubeIDE/plugins/com.st.stm32cube.ide.mcu.externaltools.gnu-tools-for-stm32.12.3.rel1.win32_1.1.0.202410251130/tools/bin/../lib/gcc/arm-none-eabi/12.3.1/../../../../arm-none-eabi/lib/thumb/v7e-m+fp/hard\libc_nano.a(libc_a-reent.o)
                              C:/ST/STM32CubeIDE_1.15.1/STM32CubeIDE/plugins/com.st.stm32cube.ide.mcu.externaltools.gnu-tools-for-stm32.12.3.rel1.win32_1.1.0.202410251130/tools/bin/../lib/gcc/arm-none-eabi/12.3.1/../../../../arm-none-eabi/lib/thumb/v7e-m+fp/hard\libc_nano.a(libc_a-closer.o) (errno)
C:/ST/STM32CubeIDE_1.15.1/STM32CubeIDE/plugins/com.st.stm32cube.ide.mcu.externaltools.gnu-tools-for-stm32.12.3.rel1.win32_1.1.0.202410251130/tools/bin/../lib/gcc/arm-none-eabi/12.3.1/../../../../arm-none-eabi/lib/thumb/v7e-m+fp/hard\libc_nano.a(libc_a-impure.o)
                              C:/ST/STM32CubeIDE_1.15.1/STM32CubeIDE/plugins/com.st.stm32cube.ide.mcu.externaltools.gnu-tools-for-stm32.12.3.rel1.win32_1.1.0.202410251130/tools/bin/../lib/gcc/arm-none-eabi/12.3.1/../../../../arm-none-eabi/lib/thumb/v7e-m+fp/hard\libc_nano.a(libc_a-reent.o) (_impure_ptr)
C:/ST/STM32CubeIDE_1.15.1/STM32CubeIDE/plugins/com.st.stm32cube.ide.mcu.externaltools.gnu-tools-for-stm32.12.3.rel1.win32_1.1.0.202410251130/tools/bin/../lib/gcc/arm-none-eabi/12.3.1/../../../../arm-none-eabi/lib/thumb/v7e-m+fp/hard\libc_nano.a(libc_a-lseekr.o)
[...]
Memory Configuration

Name             Origin             Length             Attributes
RAM              0x20000000         0x00020000         xrw
FLASH            0x08000000         0x00080000         xr
*default*        0x00000000         0xffffffff

Linker script and memory map

LOAD C:/ST/STM32CubeIDE_1.15.1/STM32CubeIDE/plugins/com.st.stm32cube.ide.mcu.externaltools.gnu-tools-for-stm32.12.3.rel1.win32_1.1.0.202410251130/tools/bin/../lib/gcc/arm-none-eabi/12.3.1/thumb/v7e-m+fp/hard/crti.o
LOAD C:/ST/STM32CubeIDE_1.15.1/STM32CubeIDE/plugins/com.st.stm32cube.ide.mcu.externaltools.gnu-tools-for-stm32.12.3.rel1.win32_1.1.0.202410251130/tools/bin/../lib/gcc/arm-none-eabi/12.3.1/thumb/v7e-m+fp/hard/crtbegin.o
LOAD C:/ST/STM32CubeIDE_1.15.1/STM32CubeIDE/plugins/com.st.stm32cube.ide.mcu.externaltools.gnu-tools-for-stm32.12.3.rel1.win32_1.1.0.202410251130/tools/bin/../lib/gcc/arm-none-eabi/12.3.1/../../../../arm-none-eabi/lib/thumb/v7e-m+fp/hard/crt0.o
LOAD ./Core/Src/main.o
LOAD ./Core/Src/stm32f4xx_hal_msp.o
LOAD ./Core/Src/stm32f4xx_it.o
LOAD ./Core/Src/syscalls.o
LOAD ./Core/Src/sysmem.o
LOAD ./Core/Src/system_stm32f4xx.o
LOAD ./Core/Startup/startup_stm32f411retx.o
LOAD ./Drivers/STM32F4xx_HAL_Driver/Src/stm32f4xx_hal.o
LOAD ./Drivers/STM32F4xx_HAL_Driver/Src/stm32f4xx_hal_cortex.o
LOAD ./Drivers/STM32F4xx_HAL_Driver/Src/stm32f4xx_hal_dma.o
LOAD ./Drivers/STM32F4xx_HAL_Driver/Src/stm32f4xx_hal_dma_ex.o
LOAD ./Drivers/STM32F4xx_HAL_Driver/Src/stm32f4xx_hal_exti.o
LOAD ./Drivers/STM32F4xx_HAL_Driver/Src/stm32f4xx_hal_flash.o
LOAD ./Drivers/STM32F4xx_HAL_Driver/Src/stm32f4xx_hal_flash_ex.o
LOAD ./Drivers/STM32F4xx_HAL_Driver/Src/stm32f4xx_hal_flash_ramfunc.o
LOAD ./Drivers/STM32F4xx_HAL_Driver/Src/stm32f4xx_hal_gpio.o
LOAD ./Drivers/STM32F4xx_HAL_Driver/Src/stm32f4xx_hal_i2c.o
LOAD ./Drivers/STM32F4xx_HAL_Driver/Src/stm32f4xx_hal_i2c_ex.o
LOAD ./Drivers/STM32F4xx_HAL_Driver/Src/stm32f4xx_hal_pwr.o
LOAD ./Drivers/STM32F4xx_HAL_Driver/Src/stm32f4xx_hal_pwr_ex.o
LOAD ./Drivers/STM32F4xx_HAL_Driver/Src/stm32f4xx_hal_rcc.o
LOAD ./Drivers/STM32F4xx_HAL_Driver/Src/stm32f4xx_hal_rcc_ex.o
LOAD ./Drivers/STM32F4xx_HAL_Driver/Src/stm32f4xx_hal_uart.o
LOAD ./Drivers/VL53L4CX_BareDriver_1.2.14/BareDriver/core/src/vl53lx_api.o
LOAD ./Drivers/VL53L4CX_BareDriver_1.2.14/BareDriver/core/src/vl53lx_api_calibration.o
LOAD ./Drivers/VL53L4CX_BareDriver_1.2.14/BareDriver/core/src/vl53lx_api_core.o
LOAD ./Drivers/VL53L4CX_BareDriver_1.2.14/BareDriver/core/src/vl53lx_api_debug.o
LOAD ./Drivers/VL53L4CX_BareDriver_1.2.14/BareDriver/core/src/vl53lx_api_preset_modes.o
LOAD ./Drivers/VL53L4CX_BareDriver_1.2.14/BareDriver/core/src/vl53lx_core.o
LOAD ./Drivers/VL53L4CX_BareDriver_1.2.14/BareDriver/core/src/vl53lx_core_support.o
LOAD ./Drivers/VL53L4CX_BareDriver_1.2.14/BareDriver/core/src/vl53lx_dmax.o
LOAD ./Drivers/VL53L4CX_BareDriver_1.2.14/BareDriver/core/src/vl53lx_hist_algos_gen3.o
LOAD ./Drivers/VL53L4CX_BareDriver_1.2.14/BareDriver/core/src/vl53lx_hist_algos_gen4.o
LOAD ./Drivers/VL53L4CX_BareDriver_1.2.14/BareDriver/core/src/vl53lx_hist_char.o
LOAD ./Drivers/VL53L4CX_BareDriver_1.2.14/BareDriver/core/src/vl53lx_hist_core.o
LOAD ./Drivers/VL53L4CX_BareDriver_1.2.14/BareDriver/core/src/vl53lx_hist_funcs.o
LOAD ./Drivers/VL53L4CX_BareDriver_1.2.14/BareDriver/core/src/vl53lx_nvm.o
LOAD ./Drivers/VL53L4CX_BareDriver_1.2.14/BareDriver/core/src/vl53lx_nvm_debug.o
LOAD ./Drivers/VL53L4CX_BareDriver_1.2.14/BareDriver/core/src/vl53lx_register_funcs.o
LOAD ./Drivers/VL53L4CX_BareDriver_1.2.14/BareDriver/core/src/vl53lx_sigma_estimate.o
LOAD ./Drivers/VL53L4CX_BareDriver_1.2.14/BareDriver/core/src/vl53lx_silicon_core.o
LOAD ./Drivers/VL53L4CX_BareDriver_1.2.14/BareDriver/core/src/vl53lx_wait.o
LOAD ./Drivers/VL53L4CX_BareDriver_1.2.14/BareDriver/core/src/vl53lx_xtalk.o
LOAD ./Drivers/VL53L4CX_BareDriver_1.2.14/BareDriver/platform/src/vl53lx_platform.o
LOAD ./Drivers/VL53L4CX_BareDriver_1.2.14/BareDriver/platform/src/vl53lx_platform_init.o
LOAD ./Drivers/VL53L4CX_BareDriver_1.2.14/BareDriver/platform/src/vl53lx_platform_ipp.o
LOAD ./Drivers/VL53L4CX_BareDriver_1.2.14/BareDriver/platform/src/vl53lx_platform_log.o
START GROUP
LOAD C:/ST/STM32CubeIDE_1.15.1/STM32CubeIDE/plugins/com.st.stm32cube.ide.mcu.externaltools.gnu-tools-for-stm32.12.3.rel1.win32_1.1.0.202410251130/tools/bin/../lib/gcc/arm-none-eabi/12.3.1/../../../../arm-none-eabi/lib/thumb/v7e-m+fp/hard\libc_nano.a
LOAD C:/ST/STM32CubeIDE_1.15.1/STM32CubeIDE/plugins/com.st.stm32cube.ide.mcu.externaltools.gnu-tools-for-stm32.12.3.rel1.win32_1.1.0.202410251130/tools/bin/../lib/gcc/arm-none-eabi/12.3.1/../../../../arm-none-eabi/lib/thumb/v7e-m+fp/hard\libm.a
END GROUP
START GROUP
LOAD C:/ST/STM32CubeIDE_1.15.1/STM32CubeIDE/plugins/com.st.stm32cube.ide.mcu.externaltools.gnu-tools-for-stm32.12.3.rel1.win32_1.1.0.202410251130/tools/bin/../lib/gcc/arm-none-eabi/12.3.1/thumb/v7e-m+fp/hard\libgcc.a
LOAD C:/ST/STM32CubeIDE_1.15.1/STM32CubeIDE/plugins/com.st.stm32cube.ide.mcu.externaltools.gnu-tools-for-stm32.12.3.rel1.win32_1.1.0.202410251130/tools/bin/../lib/gcc/arm-none-eabi/12.3.1/../../../../arm-none-eabi/lib/thumb/v7e-m+fp/hard\libc_nano.a
END GROUP
START GROUP
LOAD C:/ST/STM32CubeIDE_1.15.1/STM32CubeIDE/plugins/com.st.stm32cube.ide.mcu.externaltools.gnu-tools-for-stm32.12.3.rel1.win32_1.1.0.202410251130/tools/bin/../lib/gcc/arm-none-eabi/12.3.1/thumb/v7e-m+fp/hard\libgcc.a
LOAD C:/ST/STM32CubeIDE_1.15.1/STM32CubeIDE/plugins/com.st.stm32cube.ide.mcu.externaltools.gnu-tools-for-stm32.12.3.rel1.win32_1.1.0.202410251130/tools/bin/../lib/gcc/arm-none-eabi/12.3.1/../../../../arm-none-eabi/lib/thumb/v7e-m+fp/hard\libc_nano.a
LOAD C:/ST/STM32CubeIDE_1.15.1/STM32CubeIDE/plugins/com.st.stm32cube.ide.mcu.externaltools.gnu-tools-for-stm32.12.3.rel1.win32_1.1.0.202410251130/tools/bin/../lib/gcc/arm-none-eabi/12.3.1/../../../../arm-none-eabi/lib/thumb/v7e-m+fp/hard\libnosys.a
END GROUP
START GROUP
LOAD C:/ST/STM32CubeIDE_1.15.1/STM32CubeIDE/plugins/com.st.stm32cube.ide.mcu.externaltools.gnu-tools-for-stm32.12.3.rel1.win32_1.1.0.202410251130/tools/bin/../lib/gcc/arm-none-eabi/12.3.1/thumb/v7e-m+fp/hard\libgcc.a
LOAD C:/ST/STM32CubeIDE_1.15.1/STM32CubeIDE/plugins/com.st.stm32cube.ide.mcu.externaltools.gnu-tools-for-stm32.12.3.rel1.win32_1.1.0.202410251130/tools/bin/../lib/gcc/arm-none-eabi/12.3.1/../../../../arm-none-eabi/lib/thumb/v7e-m+fp/hard\libc_nano.a
LOAD C:/ST/STM32CubeIDE_1.15.1/STM32CubeIDE/plugins/com.st.stm32cube.ide.mcu.externaltools.gnu-tools-for-stm32.12.3.rel1.win32_1.1.0.202410251130/tools/bin/../lib/gcc/arm-none-eabi/12.3.1/../../../../arm-none-eabi/lib/thumb/v7e-m+fp/hard\libnosys.a
END GROUP
LOAD C:/ST/STM32CubeIDE_1.15.1/STM32CubeIDE/plugins/com.st.stm32cube.ide.mcu.externaltools.gnu-tools-for-stm32.12.3.rel1.win32_1.1.0.202410251130/tools/bin/../lib/gcc/arm-none-eabi/12.3.1/thumb/v7e-m+fp/hard/crtend.o
LOAD C:/ST/STM32CubeIDE_1.15.1/STM32CubeIDE/plugins/com.st.stm32cube.ide.mcu.externaltools.gnu-tools-for-stm32.12.3.rel1.win32_1.1.0.202410251130/tools/bin/../lib/gcc/arm-none-eabi/12.3.1/thumb/v7e-m+fp/hard/crtn.o
                0x20020000                        _estack = (ORIGIN (RAM) + LENGTH (RAM))
                0x00000200                        _Min_Heap_Size = 0x200
                0x00000400                        _Min_Stack_Size = 0x400

.isr_vector     0x08000000      0x198
                0x08000000                        . = ALIGN (0x4)
 *(.isr_vector)
 .isr_vector    0x08000000      0x198 ./Core/Startup/startup_stm32f411retx.o
                0x08000000                g_pfnVectors
                0x08000198                        . = ALIGN (0x4)

.text           0x08000198     0x1f9c
                0x08000198                        . = ALIGN (0x4)
 *(.text)
 .text          0x08000198       0x40 C:/ST/STM32CubeIDE_1.15.1/STM32CubeIDE/plugins/com.st.stm32cube.ide.mcu.externaltools.gnu-tools-for-stm32.12.3.rel1.win32_1.1.0.202410251130/tools/bin/../lib/gcc/arm-none-eabi/12.3.1/thumb/v7e-m+fp/hard/crtbegin.o
 .text          0x080001d8       0x30 C:/ST/STM32CubeIDE_1.15.1/STM32CubeIDE/plugins/com.st.stm32cube.ide.mcu.externaltools.gnu-tools-for-stm32.12.3.rel1.win32_1.1.0.202410251130/tools/bin/../lib/gcc/arm-none-eabi/12.3.1/thumb/v7e-m+fp/hard\libgcc.a(_aeabi_uldivmod.o)
                0x080001d8                __aeabi_uldivmod
 .text          0x08000208      0x2bc C:/ST/STM32CubeIDE_1.15.1/STM32CubeIDE/plugins/com.st.stm32cube.ide.mcu.externaltools.gnu-tools-for-stm32.12.3.rel1.win32_1.1.0.202410251130/tools/bin/../lib/gcc/arm-none-eabi/12.3.1/thumb/v7e-m+fp/hard\libgcc.a(_udivmoddi4.o)
                0x08000208                __udivmoddi4
 .text          0x080004c4        0x4 C:/ST/STM32CubeIDE_1.15.1/STM32CubeIDE/plugins/com.st.stm32cube.ide.mcu.externaltools.gnu-tools-for-stm32.12.3.rel1.win32_1.1.0.202410251130/tools/bin/../lib/gcc/arm-none-eabi/12.3.1/thumb/v7e-m+fp/hard\libgcc.a(_dvmd_tls.o)
                0x080004c4                __aeabi_idiv0
                0x080004c4                __aeabi_ldiv0
 *(.text*)
 .text.main     0x080004c8       0x1c ./Core/Src/main.o
                0x080004c8                main
 .text.SystemClock_Config
                0x080004e4       0xd4 ./Core/Src/main.o
                0x080004e4                SystemClock_Config
 .text.MX_I2C1_Init
                0x080005b8       0x5c ./Core/Src/main.o
 .text.MX_USART2_UART_Init
                0x08000614       0x54 ./Core/Src/main.o
 .text.MX_GPIO_Init
                0x08000668       0xdc ./Core/Src/main.o
 .text.Error_Handler
                0x08000744        0xc ./Core/Src/main.o
                0x08000744                Error_Handler
 .text.HAL_MspInit
                0x08000750       0x50 ./Core/Src/stm32f4xx_hal_msp.o
                0x08000750                HAL_MspInit
 .text.HAL_I2C_MspInit
                0x080007a0       0x90 ./Core/Src/stm32f4xx_hal_msp.o
                0x080007a0                HAL_I2C_MspInit
 .text.HAL_UART_MspInit
                0x08000830       0x90 ./Core/Src/stm32f4xx_hal_msp.o
                0x08000830                HAL_UART_MspInit
 .text.NMI_Handler
                0x080008c0        0x8 ./Core/Src/stm32f4xx_it.o
                0x080008c0                NMI_Handler
 .text.HardFault_Handler
                0x080008c8        0x8 ./Core/Src/stm32f4xx_it.o
                0x080008c8                HardFault_Handler
 .text.MemManage_Handler
                0x080008d0        0x8 ./Core/Src/stm32f4xx_it.o
                0x080008d0                MemManage_Handler
 .text.BusFault_Handler
                0x080008d8        0x8 ./Core/Src/stm32f4xx_it.o
                0x080008d8                BusFault_Handler
 .text.UsageFault_Handler
                0x080008e0        0x8 ./Core/Src/stm32f4xx_it.o
                0x080008e0                UsageFault_Handler
 .text.SVC_Handler
                0x080008e8        0xe ./Core/Src/stm32f4xx_it.o
                0x080008e8                SVC_Handler
 .text.DebugMon_Handler
                0x080008f6        0xe ./Core/Src/stm32f4xx_it.o
                0x080008f6                DebugMon_Handler
 .text.PendSV_Handler
                0x08000904        0xe ./Core/Src/stm32f4xx_it.o
                0x08000904                PendSV_Handler
 .text.SysTick_Handler
                0x08000912        0xc ./Core/Src/stm32f4xx_it.o
                0x08000912                SysTick_Handler
 *fill*         0x0800091e        0x2 
 .text.SystemInit
                0x08000920       0x24 ./Core/Src/system_stm32f4xx.o
                0x08000920                SystemInit
 .text.Reset_Handler
                0x08000944       0x50 ./Core/Startup/startup_stm32f411retx.o
                0x08000944                Reset_Handler
 .text.Default_Handler
                0x08000994        0x2 ./Core/Startup/startup_stm32f411retx.o
                0x08000994                RTC_Alarm_IRQHandler
                0x08000994                EXTI2_IRQHandler
                0x08000994                SPI4_IRQHandler
                0x08000994                TIM1_CC_IRQHandler
                0x08000994                DMA2_Stream5_IRQHandler
                0x08000994                DMA1_Stream5_IRQHandler
                0x08000994                PVD_IRQHandler
                0x08000994                SDIO_IRQHandler
                0x08000994                TAMP_STAMP_IRQHandler
                0x08000994                EXTI3_IRQHandler
                0x08000994                TIM1_UP_TIM10_IRQHandler
                0x08000994                I2C3_ER_IRQHandler
                0x08000994                EXTI0_IRQHandler
                0x08000994                I2C2_EV_IRQHandler
                0x08000994                DMA1_Stream2_IRQHandler
                0x08000994                FPU_IRQHandler
                0x08000994                DMA2_Stream2_IRQHandler
                0x08000994                SPI1_IRQHandler
                0x08000994                TIM1_BRK_TIM9_IRQHandler
                0x08000994                DMA2_Stream3_IRQHandler
                0x08000994                USART6_IRQHandler
                0x08000994                DMA2_Stream0_IRQHandler
                0x08000994                TIM4_IRQHandler
                0x08000994                I2C1_EV_IRQHandler
                0x08000994                DMA1_Stream6_IRQHandler
                0x08000994                DMA1_Stream1_IRQHandler
                0x08000994                TIM3_IRQHandler
                0x08000994                RCC_IRQHandler
                0x08000994                Default_Handler
                0x08000994                EXTI15_10_IRQHandler
                0x08000994                ADC_IRQHandler
                0x08000994                DMA1_Stream7_IRQHandler
                0x08000994                SPI5_IRQHandler
                0x08000994                TIM5_IRQHandler
                0x08000994                DMA2_Stream7_IRQHandler
                0x08000994                I2C3_EV_IRQHandler
                0x08000994                EXTI9_5_IRQHandler
                0x08000994                RTC_WKUP_IRQHandler
                0x08000994                SPI2_IRQHandler
                0x08000994                DMA1_Stream0_IRQHandler
                0x08000994                EXTI4_IRQHandler
                0x08000994                WWDG_IRQHandler
                0x08000994                TIM2_IRQHandler
                0x08000994                OTG_FS_WKUP_IRQHandler
                0x08000994                TIM1_TRG_COM_TIM11_IRQHandler
                0x08000994                EXTI1_IRQHandler
                0x08000994                USART2_IRQHandler
                0x08000994                I2C2_ER_IRQHandler
                0x08000994                DMA2_Stream1_IRQHandler
                0x08000994                FLASH_IRQHandler
                0x08000994                DMA2_Stream4_IRQHandler
                0x08000994                USART1_IRQHandler
                0x08000994                OTG_FS_IRQHandler
                0x08000994                SPI3_IRQHandler
                0x08000994                DMA1_Stream4_IRQHandler
                0x08000994                I2C1_ER_IRQHandler
                0x08000994                DMA2_Stream6_IRQHandler
                0x08000994                DMA1_Stream3_IRQHandler
 *fill*         0x08000996        0x2 
 .text.HAL_Init
                0x08000998       0x44 ./Drivers/STM32F4xx_HAL_Driver/Src/stm32f4xx_hal.o
                0x08000998                HAL_Init
 .text.HAL_InitTick
                0x080009dc       0x60 ./Drivers/STM32F4xx_HAL_Driver/Src/stm32f4xx_hal.o
                0x080009dc                HAL_InitTick
 .text.HAL_IncTick
                0x08000a3c       0x28 ./Drivers/STM32F4xx_HAL_Driver/Src/stm32f4xx_hal.o
                0x08000a3c                HAL_IncTick
 .text.HAL_GetTick
                0x08000a64       0x18 ./Drivers/STM32F4xx_HAL_Driver/Src/stm32f4xx_hal.o
                0x08000a64                HAL_GetTick
 .text.__NVIC_SetPriorityGrouping
                0x08000a7c       0x48 ./Drivers/STM32F4xx_HAL_Driver/Src/stm32f4xx_hal_cortex.o
 .text.__NVIC_GetPriorityGrouping
                0x08000ac4       0x1c ./Drivers/STM32F4xx_HAL_Driver/Src/stm32f4xx_hal_cortex.o
 .text.__NVIC_SetPriority
                0x08000ae0       0x54 ./Drivers/STM32F4xx_HAL_Driver/Src/stm32f4xx_hal_cortex.o
 .text.NVIC_EncodePriority
                0x08000b34       0x66 ./Drivers/STM32F4xx_HAL_Driver/Src/stm32f4xx_hal_cortex.o
 *fill*         0x08000b9a        0x2 
 .text.SysTick_Config
                0x08000b9c       0x44 ./Drivers/STM32F4xx_HAL_Driver/Src/stm32f4xx_hal_cortex.o
 .text.HAL_NVIC_SetPriorityGrouping
                0x08000be0       0x16 ./Drivers/STM32F4xx_HAL_Driver/Src/stm32f4xx_hal_cortex.o
                0x08000be0                HAL_NVIC_SetPriorityGrouping
 .text.HAL_NVIC_SetPriority
                0x08000bf6       0x38 ./Drivers/STM32F4xx_HAL_Driver/Src/stm32f4xx_hal_cortex.o
                0x08000bf6                HAL_NVIC_SetPriority
 .text.HAL_SYSTICK_Config
                0x08000c2e       0x18 ./Drivers/STM32F4xx_HAL_Driver/Src/stm32f4xx_hal_cortex.o
                0x08000c2e                HAL_SYSTICK_Config
 *fill*         0x08000c46        0x2 
 .text.HAL_GPIO_Init
                0x08000c48      0x308 ./Drivers/STM32F4xx_HAL_Driver/Src/stm32f4xx_hal_gpio.o
                0x08000c48                HAL_GPIO_Init
 .text.HAL_GPIO_WritePin
                0x08000f50       0x32 ./Drivers/STM32F4xx_HAL_Driver/Src/stm32f4xx_hal_gpio.o
                0x08000f50                HAL_GPIO_WritePin
 *fill*         0x08000f82        0x2 
 .text.HAL_I2C_Init
                0x08000f84      0x288 ./Drivers/STM32F4xx_HAL_Driver/Src/stm32f4xx_hal_i2c.o
                0x08000f84                HAL_I2C_Init
 .text.HAL_RCC_OscConfig
                0x0800120c      0x4f0 ./Drivers/STM32F4xx_HAL_Driver/Src/stm32f4xx_hal_rcc.o
                0x0800120c                HAL_RCC_OscConfig
 .text.HAL_RCC_ClockConfig
                0x080016fc      0x1cc ./Drivers/STM32F4xx_HAL_Driver/Src/stm32f4xx_hal_rcc.o
                0x080016fc                HAL_RCC_ClockConfig
 .text.HAL_RCC_GetSysClockFreq
                0x080018c8      0x20c ./Drivers/STM32F4xx_HAL_Driver/Src/stm32f4xx_hal_rcc.o
                0x080018c8                HAL_RCC_GetSysClockFreq
 .text.HAL_RCC_GetHCLKFreq
                0x08001ad4       0x18 ./Drivers/STM32F4xx_HAL_Driver/Src/stm32f4xx_hal_rcc.o
                0x08001ad4                HAL_RCC_GetHCLKFreq
 .text.HAL_RCC_GetPCLK1Freq
                0x08001aec       0x28 ./Drivers/STM32F4xx_HAL_Driver/Src/stm32f4xx_hal_rcc.o
                0x08001aec                HAL_RCC_GetPCLK1Freq
 .text.HAL_RCC_GetPCLK2Freq
                0x08001b14       0x28 ./Drivers/STM32F4xx_HAL_Driver/Src/stm32f4xx_hal_rcc.o
                0x08001b14                HAL_RCC_GetPCLK2Freq
 .text.HAL_UART_Init
                0x08001b3c       0xa0 ./Drivers/STM32F4xx_HAL_Driver/Src/stm32f4xx_hal_uart.o
                0x08001b3c                HAL_UART_Init
 .text.UART_SetConfig
                0x08001bdc      0x4e8 ./Drivers/STM32F4xx_HAL_Driver/Src/stm32f4xx_hal_uart.o
 .text.memset   0x080020c4       0x10 C:/ST/STM32CubeIDE_1.15.1/STM32CubeIDE/plugins/com.st.stm32cube.ide.mcu.externaltools.gnu-tools-for-stm32.12.3.rel1.win32_1.1.0.202410251130/tools/bin/../lib/gcc/arm-none-eabi/12.3.1/../../../../arm-none-eabi/lib/thumb/v7e-m+fp/hard\libc_nano.a(libc_a-memset.o)
                0x080020c4                memset
 .text.__libc_init_array
                0x080020d4       0x48 C:/ST/STM32CubeIDE_1.15.1/STM32CubeIDE/plugins/com.st.stm32cube.ide.mcu.externaltools.gnu-tools-for-stm32.12.3.rel1.win32_1.1.0.202410251130/tools/bin/../lib/gcc/arm-none-eabi/12.3.1/../../../../arm-none-eabi/lib/thumb/v7e-m+fp/hard\libc_nano.a(libc_a-init.o)
                0x080020d4                __libc_init_array
 *(.glue_7)
 .glue_7        0x0800211c        0x0 linker stubs
 *(.glue_7t)
 .glue_7t       0x0800211c        0x0 linker stubs
 *(.eh_frame)
 .eh_frame      0x0800211c        0x0 C:/ST/STM32CubeIDE_1.15.1/STM32CubeIDE/plugins/com.st.stm32cube.ide.mcu.externaltools.gnu-tools-for-stm32.12.3.rel1.win32_1.1.0.202410251130/tools/bin/../lib/gcc/arm-none-eabi/12.3.1/thumb/v7e-m+fp/hard/crtbegin.o
 *(.init)
 .init          0x0800211c        0x4 C:/ST/STM32CubeIDE_1.15.1/STM32CubeIDE/plugins/com.st.stm32cube.ide.mcu.externaltools.gnu-tools-for-stm32.12.3.rel1.win32_1.1.0.202410251130/tools/bin/../lib/gcc/arm-none-eabi/12.3.1/thumb/v7e-m+fp/hard/crti.o
                0x0800211c                _init
 .init          0x08002120        0x8 C:/ST/STM32CubeIDE_1.15.1/STM32CubeIDE/plugins/com.st.stm32cube.ide.mcu.externaltools.gnu-tools-for-stm32.12.3.rel1.win32_1.1.0.202410251130/tools/bin/../lib/gcc/arm-none-eabi/12.3.1/thumb/v7e-m+fp/hard/crtn.o
 *(.fini)
 .fini          0x08002128        0x4 C:/ST/STM32CubeIDE_1.15.1/STM32CubeIDE/plugins/com.st.stm32cube.ide.mcu.externaltools.gnu-tools-for-stm32.12.3.rel1.win32_1.1.0.202410251130/tools/bin/../lib/gcc/arm-none-eabi/12.3.1/thumb/v7e-m+fp/hard/crti.o
                0x08002128                _fini
 .fini          0x0800212c        0x8 C:/ST/STM32CubeIDE_1.15.1/STM32CubeIDE/plugins/com.st.stm32cube.ide.mcu.externaltools.gnu-tools-for-stm32.12.3.rel1.win32_1.1.0.202410251130/tools/bin/../lib/gcc/arm-none-eabi/12.3.1/thumb/v7e-m+fp/hard/crtn.o
                0x08002134                        . = ALIGN (0x4)
                0x08002134                        _etext = .

.vfp11_veneer   0x08002134        0x0
 .vfp11_veneer  0x08002134        0x0 linker stubs

.v4_bx          0x08002134        0x0
 .v4_bx         0x08002134        0x0 linker stubs

.iplt           0x08002134        0x0
 .iplt          0x08002134        0x0 C:/ST/STM32CubeIDE_1.15.1/STM32CubeIDE/plugins/com.st.stm32cube.ide.mcu.externaltools.gnu-tools-for-stm32.12.3.rel1.win32_1.1.0.202410251130/tools/bin/../lib/gcc/arm-none-eabi/12.3.1/thumb/v7e-m+fp/hard/crtbegin.o

.rodata         0x08002134       0x18
                0x08002134                        . = ALIGN (0x4)
 *(.rodata)
 *(.rodata*)
 .rodata.AHBPrescTable
                0x08002134       0x10 ./Core/Src/system_stm32f4xx.o
                0x08002134                AHBPrescTable
 .rodata.APBPrescTable
                0x08002144        0x8 ./Core/Src/system_stm32f4xx.o
                0x08002144                APBPrescTable
                0x0800214c                        . = ALIGN (0x4)

.ARM.extab      0x0800214c        0x0
                0x0800214c                        . = ALIGN (0x4)
 *(.ARM.extab* .gnu.linkonce.armextab.*)
                0x0800214c                        . = ALIGN (0x4)

.ARM            0x0800214c        0x8
                0x0800214c                        . = ALIGN (0x4)
                0x0800214c                        __exidx_start = .
 *(.ARM.exidx*)
 .ARM.exidx     0x0800214c        0x8 C:/ST/STM32CubeIDE_1.15.1/STM32CubeIDE/plugins/com.st.stm32cube.ide.mcu.externaltools.gnu-tools-for-stm32.12.3.rel1.win32_1.1.0.202410251130/tools/bin/../lib/gcc/arm-none-eabi/12.3.1/thumb/v7e-m+fp/hard\libgcc.a(_udivmoddi4.o)
                0x08002154                        __exidx_end = .
                0x08002154                        . = ALIGN (0x4)

.preinit_array  0x08002154        0x0
                0x08002154                        . = ALIGN (0x4)
                0x08002154                        PROVIDE (__preinit_array_start = .)
 *(.preinit_array*)
                0x08002154                        PROVIDE (__preinit_array_end = .)
                0x08002154                        . = ALIGN (0x4)

.init_array     0x08002154        0x4
                0x08002154                        . = ALIGN (0x4)
                0x08002154                        PROVIDE (__init_array_start = .)
 *(SORT_BY_NAME(.init_array.*))
 *(.init_array*)
 .init_array    0x08002154        0x4 C:/ST/STM32CubeIDE_1.15.1/STM32CubeIDE/plugins/com.st.stm32cube.ide.mcu.externaltools.gnu-tools-for-stm32.12.3.rel1.win32_1.1.0.202410251130/tools/bin/../lib/gcc/arm-none-eabi/12.3.1/thumb/v7e-m+fp/hard/crtbegin.o
                0x08002158                        PROVIDE (__init_array_end = .)
                0x08002158                        . = ALIGN (0x4)

.fini_array     0x08002158        0x4
                0x08002158                        . = ALIGN (0x4)
                [!provide]                        PROVIDE (__fini_array_start = .)
 *(SORT_BY_NAME(.fini_array.*))
 *(.fini_array*)
 .fini_array    0x08002158        0x4 C:/ST/STM32CubeIDE_1.15.1/STM32CubeIDE/plugins/com.st.stm32cube.ide.mcu.externaltools.gnu-tools-for-stm32.12.3.rel1.win32_1.1.0.202410251130/tools/bin/../lib/gcc/arm-none-eabi/12.3.1/thumb/v7e-m+fp/hard/crtbegin.o
                [!provide]                        PROVIDE (__fini_array_end = .)
                0x0800215c                        . = ALIGN (0x4)
                0x0800215c                        _sidata = LOADADDR (.data)

.rel.dyn        0x0800215c        0x0
 .rel.iplt      0x0800215c        0x0 C:/ST/STM32CubeIDE_1.15.1/STM32CubeIDE/plugins/com.st.stm32cube.ide.mcu.externaltools.gnu-tools-for-stm32.12.3.rel1.win32_1.1.0.202410251130/tools/bin/../lib/gcc/arm-none-eabi/12.3.1/thumb/v7e-m+fp/hard/crtbegin.o

.data           0x20000000        0xc load address 0x0800215c
                0x20000000                        . = ALIGN (0x4)
                0x20000000                        _sdata = .
 *(.data)
 *(.data*)
 .data.SystemCoreClock
                0x20000000        0x4 ./Core/Src/system_stm32f4xx.o
                0x20000000                SystemCoreClock
 .data.uwTickPrio
                0x20000004        0x4 ./Drivers/STM32F4xx_HAL_Driver/Src/stm32f4xx_hal.o
                0x20000004                uwTickPrio
 .data.uwTickFreq
                0x20000008        0x1 ./Drivers/STM32F4xx_HAL_Driver/Src/stm32f4xx_hal.o
                0x20000008                uwTickFreq
 *(.RamFunc)
 *(.RamFunc*)
                0x2000000c                        . = ALIGN (0x4)
 *fill*         0x20000009        0x3 
                0x2000000c                        _edata = .

.igot.plt       0x2000000c        0x0 load address 0x08002168
 .igot.plt      0x2000000c        0x0 C:/ST/STM32CubeIDE_1.15.1/STM32CubeIDE/plugins/com.st.stm32cube.ide.mcu.externaltools.gnu-tools-for-stm32.12.3.rel1.win32_1.1.0.202410251130/tools/bin/../lib/gcc/arm-none-eabi/12.3.1/thumb/v7e-m+fp/hard/crtbegin.o
                0x2000000c                        . = ALIGN (0x4)

.bss            0x2000000c       0xbc load address 0x08002168
                0x2000000c                        _sbss = .
                0x2000000c                        __bss_start__ = _sbss
 *(.bss)
 .bss           0x2000000c       0x1c C:/ST/STM32CubeIDE_1.15.1/STM32CubeIDE/plugins/com.st.stm32cube.ide.mcu.externaltools.gnu-tools-for-stm32.12.3.rel1.win32_1.1.0.202410251130/tools/bin/../lib/gcc/arm-none-eabi/12.3.1/thumb/v7e-m+fp/hard/crtbegin.o
 *(.bss*)
 .bss.hi2c1     0x20000028       0x54 ./Core/Src/main.o
                0x20000028                hi2c1
 .bss.huart2    0x2000007c       0x48 ./Core/Src/main.o
                0x2000007c                huart2
 .bss.uwTick    0x200000c4        0x4 ./Drivers/STM32F4xx_HAL_Driver/Src/stm32f4xx_hal.o
                0x200000c4                uwTick
 *(COMMON)
                0x200000c8                        . = ALIGN (0x4)
                0x200000c8                        _ebss = .
                0x200000c8                        __bss_end__ = _ebss

._user_heap_stack
                0x200000c8      0x600 load address 0x08002168
                0x200000c8                        . = ALIGN (0x8)
                [!provide]                        PROVIDE (end = .)
                0x200000c8                        PROVIDE (_end = .)
                0x200002c8                        . = (. + _Min_Heap_Size)
 *fill*         0x200000c8      0x200 
                0x200006c8                        . = (. + _Min_Stack_Size)
 *fill*         0x200002c8      0x400 
                0x200006c8                        . = ALIGN (0x8)

/DISCARD/
 libc.a(*)
 libm.a(*)
 libgcc.a(*)

.ARM.attributes
                0x00000000       0x30
 *(.ARM.attributes)
 .ARM.attributes
                0x00000000       0x22 C:/ST/STM32CubeIDE_1.15.1/STM32CubeIDE/plugins/com.st.stm32cube.ide.mcu.externaltools.gnu-tools-for-stm32.12.3.rel1.win32_1.1.0.202410251130/tools/bin/../lib/gcc/arm-none-eabi/12.3.1/thumb/v7e-m+fp/hard/crti.o
 .ARM.attributes
                0x00000022       0x34 C:/ST/STM32CubeIDE_1.15.1/STM32CubeIDE/plugins/com.st.stm32cube.ide.mcu.externaltools.gnu-tools-for-stm32.12.3.rel1.win32_1.1.0.202410251130/tools/bin/../lib/gcc/arm-none-eabi/12.3.1/thumb/v7e-m+fp/hard/crtbegin.o
 .ARM.attributes
                0x00000056       0x34 ./Core/Src/main.o
 .ARM.attributes
                0x0000008a       0x34 ./Core/Src/stm32f4xx_hal_msp.o
 .ARM.attributes
                0x000000be       0x34 ./Core/Src/stm32f4xx_it.o
 .ARM.attributes
                0x000000f2       0x34 ./Core/Src/system_stm32f4xx.o
 .ARM.attributes
                0x00000126       0x21 ./Core/Startup/startup_stm32f411retx.o
 .ARM.attributes
                0x00000147       0x34 ./Drivers/STM32F4xx_HAL_Driver/Src/stm32f4xx_hal.o
 .ARM.attributes
                0x0000017b       0x34 ./Drivers/STM32F4xx_HAL_Driver/Src/stm32f4xx_hal_cortex.o
 .ARM.attributes
                0x000001af       0x34 ./Drivers/STM32F4xx_HAL_Driver/Src/stm32f4xx_hal_gpio.o
 .ARM.attributes
                0x000001e3       0x34 ./Drivers/STM32F4xx_HAL_Driver/Src/stm32f4xx_hal_i2c.o
 .ARM.attributes
                0x00000217       0x34 ./Drivers/STM32F4xx_HAL_Driver/Src/stm32f4xx_hal_rcc.o
 .ARM.attributes
                0x0000024b       0x34 ./Drivers/STM32F4xx_HAL_Driver/Src/stm32f4xx_hal_uart.o
 .ARM.attributes
                0x0000027f       0x34 C:/ST/STM32CubeIDE_1.15.1/STM32CubeIDE/plugins/com.st.stm32cube.ide.mcu.externaltools.gnu-tools-for-stm32.12.3.rel1.win32_1.1.0.202410251130/tools/bin/../lib/gcc/arm-none-eabi/12.3.1/../../../../arm-none-eabi/lib/thumb/v7e-m+fp/hard\libc_nano.a(libc_a-memset.o)
 .ARM.attributes
                0x000002b3       0x34 C:/ST/STM32CubeIDE_1.15.1/STM32CubeIDE/plugins/com.st.stm32cube.ide.mcu.externaltools.gnu-tools-for-stm32.12.3.rel1.win32_1.1.0.202410251130/tools/bin/../lib/gcc/arm-none-eabi/12.3.1/../../../../arm-none-eabi/lib/thumb/v7e-m+fp/hard\libc_nano.a(libc_a-init.o)
 .ARM.attributes
                0x000002e7       0x22 C:/ST/STM32CubeIDE_1.15.1/STM32CubeIDE/plugins/com.st.stm32cube.ide.mcu.externaltools.gnu-tools-for-stm32.12.3.rel1.win32_1.1.0.202410251130/tools/bin/../lib/gcc/arm-none-eabi/12.3.1/thumb/v7e-m+fp/hard\libgcc.a(_aeabi_uldivmod.o)
 .ARM.attributes
                0x00000309       0x34 C:/ST/STM32CubeIDE_1.15.1/STM32CubeIDE/plugins/com.st.stm32cube.ide.mcu.externaltools.gnu-tools-for-stm32.12.3.rel1.win32_1.1.0.202410251130/tools/bin/../lib/gcc/arm-none-eabi/12.3.1/thumb/v7e-m+fp/hard\libgcc.a(_udivmoddi4.o)
 .ARM.attributes
                0x0000033d       0x22 C:/ST/STM32CubeIDE_1.15.1/STM32CubeIDE/plugins/com.st.stm32cube.ide.mcu.externaltools.gnu-tools-for-stm32.12.3.rel1.win32_1.1.0.202410251130/tools/bin/../lib/gcc/arm-none-eabi/12.3.1/thumb/v7e-m+fp/hard\libgcc.a(_dvmd_tls.o)
 .ARM.attributes
                0x0000035f       0x22 C:/ST/STM32CubeIDE_1.15.1/STM32CubeIDE/plugins/com.st.stm32cube.ide.mcu.externaltools.gnu-tools-for-stm32.12.3.rel1.win32_1.1.0.202410251130/tools/bin/../lib/gcc/arm-none-eabi/12.3.1/thumb/v7e-m+fp/hard/crtn.o
OUTPUT(VBN_TOF_TESTING.elf elf32-littlearm)
LOAD linker stubs
LOAD C:/ST/STM32CubeIDE_1.15.1/STM32CubeIDE/plugins/com.st.stm32cube.ide.mcu.externaltools.gnu-tools-for-stm32.12.3.rel1.win32_1.1.0.202410251130/tools/bin/../lib/gcc/arm-none-eabi/12.3.1/../../../../arm-none-eabi/lib/thumb/v7e-m+fp/hard\libc.a
LOAD C:/ST/STM32CubeIDE_1.15.1/STM32CubeIDE/plugins/com.st.stm32cube.ide.mcu.externaltools.gnu-tools-for-stm32.12.3.rel1.win32_1.1.0.202410251130/tools/bin/../lib/gcc/arm-none-eabi/12.3.1/../../../../arm-none-eabi/lib/thumb/v7e-m+fp/hard\libm.a
LOAD C:/ST/STM32CubeIDE_1.15.1/STM32CubeIDE/plugins/com.st.stm32cube.ide.mcu.externaltools.gnu-tools-for-stm32.12.3.rel1.win32_1.1.0.202410251130/tools/bin/../lib/gcc/arm-none-eabi/12.3.1/thumb/v7e-m+fp/hard\libgcc.a

.debug_info     0x00000000     0x9a9b
 .debug_info    0x00000000      0xe95 ./Core/Src/main.o
 .debug_info    0x00000e95      0xc4d ./Core/Src/stm32f4xx_hal_msp.o
 .debug_info    0x00001ae2      0x112 ./Core/Src/stm32f4xx_it.o
 .debug_info    0x00001bf4      0x53e ./Core/Src/system_stm32f4xx.o
 .debug_info    0x00002132       0x30 ./Core/Startup/startup_stm32f411retx.o
 .debug_info    0x00002162      0x8c4 ./Drivers/STM32F4xx_HAL_Driver/Src/stm32f4xx_hal.o
 .debug_info    0x00002a26      0xcfc ./Drivers/STM32F4xx_HAL_Driver/Src/stm32f4xx_hal_cortex.o
 .debug_info    0x00003722      0x6f9 ./Drivers/STM32F4xx_HAL_Driver/Src/stm32f4xx_hal_gpio.o
 .debug_info    0x00003e1b     0x2426 ./Drivers/STM32F4xx_HAL_Driver/Src/stm32f4xx_hal_i2c.o
 .debug_info    0x00006241      0x904 ./Drivers/STM32F4xx_HAL_Driver/Src/stm32f4xx_hal_rcc.o
 .debug_info    0x00006b45     0x2f56 ./Drivers/STM32F4xx_HAL_Driver/Src/stm32f4xx_hal_uart.o

.debug_abbrev   0x00000000     0x1583
 .debug_abbrev  0x00000000      0x249 ./Core/Src/main.o
 .debug_abbrev  0x00000249      0x1c1 ./Core/Src/stm32f4xx_hal_msp.o
 .debug_abbrev  0x0000040a       0x73 ./Core/Src/stm32f4xx_it.o
 .debug_abbrev  0x0000047d      0x11a ./Core/Src/system_stm32f4xx.o
 .debug_abbrev  0x00000597       0x24 ./Core/Startup/startup_stm32f411retx.o
 .debug_abbrev  0x000005bb      0x24b ./Drivers/STM32F4xx_HAL_Driver/Src/stm32f4xx_hal.o
 .debug_abbrev  0x00000806      0x31d ./Drivers/STM32F4xx_HAL_Driver/Src/stm32f4xx_hal_cortex.o
 .debug_abbrev  0x00000b23      0x1d3 ./Drivers/STM32F4xx_HAL_Driver/Src/stm32f4xx_hal_gpio.o
 .debug_abbrev  0x00000cf6      0x2bc ./Drivers/STM32F4xx_HAL_Driver/Src/stm32f4xx_hal_i2c.o
 .debug_abbrev  0x00000fb2      0x2b6 ./Drivers/STM32F4xx_HAL_Driver/Src/stm32f4xx_hal_rcc.o
 .debug_abbrev  0x00001268      0x31b ./Drivers/STM32F4xx_HAL_Driver/Src/stm32f4xx_hal_uart.o

.debug_aranges  0x00000000      0x8e8
 .debug_aranges
                0x00000000       0x48 ./Core/Src/main.o
 .debug_aranges
                0x00000048       0x40 ./Core/Src/stm32f4xx_hal_msp.o
 .debug_aranges
                0x00000088       0x60 ./Core/Src/stm32f4xx_it.o
 .debug_aranges
                0x000000e8       0x28 ./Core/Src/system_stm32f4xx.o
 .debug_aranges
                0x00000110       0x28 ./Core/Startup/startup_stm32f411retx.o
 .debug_aranges
                0x00000138       0xf0 ./Drivers/STM32F4xx_HAL_Driver/Src/stm32f4xx_hal.o
 .debug_aranges
                0x00000228      0x130 ./Drivers/STM32F4xx_HAL_Driver/Src/stm32f4xx_hal_cortex.o
 .debug_aranges
                0x00000358       0x58 ./Drivers/STM32F4xx_HAL_Driver/Src/stm32f4xx_hal_gpio.o
 .debug_aranges
                0x000003b0      0x2a8 ./Drivers/STM32F4xx_HAL_Driver/Src/stm32f4xx_hal_i2c.o
 .debug_aranges
                0x00000658       0x88 ./Drivers/STM32F4xx_HAL_Driver/Src/stm32f4xx_hal_rcc.o
 .debug_aranges
                0x000006e0      0x208 ./Drivers/STM32F4xx_HAL_Driver/Src/stm32f4xx_hal_uart.o

.debug_rnglists
                0x00000000      0x702
 .debug_rnglists
                0x00000000       0x33 ./Core/Src/main.o
 .debug_rnglists
                0x00000033       0x2d ./Core/Src/stm32f4xx_hal_msp.o
 .debug_rnglists
                0x00000060       0x43 ./Core/Src/stm32f4xx_it.o
 .debug_rnglists
                0x000000a3       0x1a ./Core/Src/system_stm32f4xx.o
 .debug_rnglists
                0x000000bd       0x19 ./Core/Startup/startup_stm32f411retx.o
 .debug_rnglists
                0x000000d6       0xaf ./Drivers/STM32F4xx_HAL_Driver/Src/stm32f4xx_hal.o
 .debug_rnglists
                0x00000185       0xe0 ./Drivers/STM32F4xx_HAL_Driver/Src/stm32f4xx_hal_cortex.o
 .debug_rnglists
                0x00000265       0x3f ./Drivers/STM32F4xx_HAL_Driver/Src/stm32f4xx_hal_gpio.o
 .debug_rnglists
                0x000002a4      0x23c ./Drivers/STM32F4xx_HAL_Driver/Src/stm32f4xx_hal_i2c.o
 .debug_rnglists
                0x000004e0       0x66 ./Drivers/STM32F4xx_HAL_Driver/Src/stm32f4xx_hal_rcc.o
 .debug_rnglists
                0x00000546      0x1bc ./Drivers/STM32F4xx_HAL_Driver/Src/stm32f4xx_hal_uart.o

.debug_macro    0x00000000    0x14e59
 .debug_macro   0x00000000      0x1e2 ./Core/Src/main.o
 .debug_macro   0x000001e2      0xab4 ./Core/Src/main.o
 .debug_macro   0x00000c96      0x29b ./Core/Src/main.o
 .debug_macro   0x00000f31       0x2e ./Core/Src/main.o
 .debug_macro   0x00000f5f       0x28 ./Core/Src/main.o
 .debug_macro   0x00000f87       0x22 ./Core/Src/main.o
 .debug_macro   0x00000fa9       0x8e ./Core/Src/main.o
 .debug_macro   0x00001037       0x51 ./Core/Src/main.o
 .debug_macro   0x00001088      0x103 ./Core/Src/main.o
 .debug_macro   0x0000118b       0x6a ./Core/Src/main.o
 .debug_macro   0x000011f5      0x1df ./Core/Src/main.o
 .debug_macro   0x000013d4       0x1c ./Core/Src/main.o
 .debug_macro   0x000013f0       0x22 ./Core/Src/main.o
 .debug_macro   0x00001412       0xfb ./Core/Src/main.o
 .debug_macro   0x0000150d     0x1011 ./Core/Src/main.o
 .debug_macro   0x0000251e      0x11f ./Core/Src/main.o
 .debug_macro   0x0000263d     0xb968 ./Core/Src/main.o
 .debug_macro   0x0000dfa5       0x6d ./Core/Src/main.o
 .debug_macro   0x0000e012     0x3693 ./Core/Src/main.o
 .debug_macro   0x000116a5      0x189 ./Core/Src/main.o
 .debug_macro   0x0001182e       0x5c ./Core/Src/main.o
 .debug_macro   0x0001188a      0x45c ./Core/Src/main.o
 .debug_macro   0x00011ce6      0x9e9 ./Core/Src/main.o
 .debug_macro   0x000126cf      0x115 ./Core/Src/main.o
 .debug_macro   0x000127e4      0x11b ./Core/Src/main.o
 .debug_macro   0x000128ff       0xa5 ./Core/Src/main.o
 .debug_macro   0x000129a4      0x15f ./Core/Src/main.o
 .debug_macro   0x00012b03      0x287 ./Core/Src/main.o
 .debug_macro   0x00012d8a       0x5f ./Core/Src/main.o
 .debug_macro   0x00012de9      0x236 ./Core/Src/main.o
 .debug_macro   0x0001301f      0x132 ./Core/Src/main.o
 .debug_macro   0x00013151      0x264 ./Core/Src/main.o
 .debug_macro   0x000133b5       0x2e ./Core/Src/main.o
 .debug_macro   0x000133e3      0x1b5 ./Core/Src/main.o
 .debug_macro   0x00013598       0x22 ./Core/Src/main.o
 .debug_macro   0x000135ba       0xd6 ./Core/Src/main.o
 .debug_macro   0x00013690      0x127 ./Core/Src/main.o
 .debug_macro   0x000137b7       0x85 ./Core/Src/main.o
 .debug_macro   0x0001383c       0x89 ./Core/Src/main.o
 .debug_macro   0x000138c5      0x2aa ./Core/Src/main.o
 .debug_macro   0x00013b6f      0x126 ./Core/Src/main.o
 .debug_macro   0x00013c95       0x58 ./Core/Src/main.o
 .debug_macro   0x00013ced      0x1e2 ./Core/Src/stm32f4xx_hal_msp.o
 .debug_macro   0x00013ecf      0x1ec ./Core/Src/stm32f4xx_it.o
 .debug_macro   0x000140bb      0x1d3 ./Core/Src/system_stm32f4xx.o
 .debug_macro   0x0001428e      0x233 ./Drivers/STM32F4xx_HAL_Driver/Src/stm32f4xx_hal.o
 .debug_macro   0x000144c1      0x1d3 ./Drivers/STM32F4xx_HAL_Driver/Src/stm32f4xx_hal_cortex.o
 .debug_macro   0x00014694      0x1d9 ./Drivers/STM32F4xx_HAL_Driver/Src/stm32f4xx_hal_gpio.o
 .debug_macro   0x0001486d      0x221 ./Drivers/STM32F4xx_HAL_Driver/Src/stm32f4xx_hal_i2c.o
 .debug_macro   0x00014a8e      0x1f7 ./Drivers/STM32F4xx_HAL_Driver/Src/stm32f4xx_hal_rcc.o
 .debug_macro   0x00014c85      0x1d4 ./Drivers/STM32F4xx_HAL_Driver/Src/stm32f4xx_hal_uart.o

.debug_line     0x00000000     0xb5d0
 .debug_line    0x00000000      0x866 ./Core/Src/main.o
 .debug_line    0x00000866      0x7e2 ./Core/Src/stm32f4xx_hal_msp.o
 .debug_line    0x00001048      0x809 ./Core/Src/stm32f4xx_it.o
 .debug_line    0x00001851      0x7bc ./Core/Src/system_stm32f4xx.o
 .debug_line    0x0000200d       0x7a ./Core/Startup/startup_stm32f411retx.o
 .debug_line    0x00002087      0xa34 ./Drivers/STM32F4xx_HAL_Driver/Src/stm32f4xx_hal.o
 .debug_line    0x00002abb      0xd26 ./Drivers/STM32F4xx_HAL_Driver/Src/stm32f4xx_hal_cortex.o
 .debug_line    0x000037e1      0xb84 ./Drivers/STM32F4xx_HAL_Driver/Src/stm32f4xx_hal_gpio.o
 .debug_line    0x00004365     0x3b75 ./Drivers/STM32F4xx_HAL_Driver/Src/stm32f4xx_hal_i2c.o
 .debug_line    0x00007eda      0xdbf ./Drivers/STM32F4xx_HAL_Driver/Src/stm32f4xx_hal_rcc.o
 .debug_line    0x00008c99     0x2937 ./Drivers/STM32F4xx_HAL_Driver/Src/stm32f4xx_hal_uart.o

.debug_str      0x00000000    0x8460c
 .debug_str     0x00000000    0x8218b ./Core/Src/main.o
                              0x82484 (size before relaxing)
 .debug_str     0x0008218b       0xaa ./Core/Src/stm32f4xx_hal_msp.o
                              0x822d4 (size before relaxing)
 .debug_str     0x00082235       0xc9 ./Core/Src/stm32f4xx_it.o
                              0x81a6f (size before relaxing)
 .debug_str     0x000822fe       0xdb ./Core/Src/system_stm32f4xx.o
                              0x81a85 (size before relaxing)
 .debug_str     0x000823d9       0x44 ./Core/Startup/startup_stm32f411retx.o
                                 0x80 (size before relaxing)
 .debug_str     0x0008241d      0x9a5 ./Drivers/STM32F4xx_HAL_Driver/Src/stm32f4xx_hal.o
                              0x824b1 (size before relaxing)
 .debug_str     0x00082dc2      0x392 ./Drivers/STM32F4xx_HAL_Driver/Src/stm32f4xx_hal_cortex.o
                              0x8221b (size before relaxing)
 .debug_str     0x00083154      0x121 ./Drivers/STM32F4xx_HAL_Driver/Src/stm32f4xx_hal_gpio.o
                              0x81c00 (size before relaxing)
 .debug_str     0x00083275      0xb68 ./Drivers/STM32F4xx_HAL_Driver/Src/stm32f4xx_hal_i2c.o
                              0x82a96 (size before relaxing)
 .debug_str     0x00083ddd      0x213 ./Drivers/STM32F4xx_HAL_Driver/Src/stm32f4xx_hal_rcc.o
                              0x81eb9 (size before relaxing)
 .debug_str     0x00083ff0      0x61c ./Drivers/STM32F4xx_HAL_Driver/Src/stm32f4xx_hal_uart.o
                              0x82488 (size before relaxing)

.comment        0x00000000       0x43
 .comment       0x00000000       0x43 ./Core/Src/main.o
                                 0x44 (size before relaxing)
 .comment       0x00000043       0x44 ./Core/Src/stm32f4xx_hal_msp.o
 .comment       0x00000043       0x44 ./Core/Src/stm32f4xx_it.o
 .comment       0x00000043       0x44 ./Core/Src/system_stm32f4xx.o
 .comment       0x00000043       0x44 ./Drivers/STM32F4xx_HAL_Driver/Src/stm32f4xx_hal.o
 .comment       0x00000043       0x44 ./Drivers/STM32F4xx_HAL_Driver/Src/stm32f4xx_hal_cortex.o
 .comment       0x00000043       0x44 ./Drivers/STM32F4xx_HAL_Driver/Src/stm32f4xx_hal_gpio.o
 .comment       0x00000043       0x44 ./Drivers/STM32F4xx_HAL_Driver/Src/stm32f4xx_hal_i2c.o
 .comment       0x00000043       0x44 ./Drivers/STM32F4xx_HAL_Driver/Src/stm32f4xx_hal_rcc.o
 .comment       0x00000043       0x44 ./Drivers/STM32F4xx_HAL_Driver/Src/stm32f4xx_hal_uart.o

.debug_frame    0x00000000     0x2524
 .debug_frame   0x00000000       0xc4 ./Core/Src/main.o
 .debug_frame   0x000000c4       0xc4 ./Core/Src/stm32f4xx_hal_msp.o
 .debug_frame   0x00000188      0x104 ./Core/Src/stm32f4xx_it.o
 .debug_frame   0x0000028c       0x58 ./Core/Src/system_stm32f4xx.o
 .debug_frame   0x000002e4      0x374 ./Drivers/STM32F4xx_HAL_Driver/Src/stm32f4xx_hal.o
 .debug_frame   0x00000658      0x508 ./Drivers/STM32F4xx_HAL_Driver/Src/stm32f4xx_hal_cortex.o
 .debug_frame   0x00000b60      0x14c ./Drivers/STM32F4xx_HAL_Driver/Src/stm32f4xx_hal_gpio.o
 .debug_frame   0x00000cac      0xc84 ./Drivers/STM32F4xx_HAL_Driver/Src/stm32f4xx_hal_i2c.o
 .debug_frame   0x00001930      0x1f4 ./Drivers/STM32F4xx_HAL_Driver/Src/stm32f4xx_hal_rcc.o
 .debug_frame   0x00001b24      0x954 ./Drivers/STM32F4xx_HAL_Driver/Src/stm32f4xx_hal_uart.o
 .debug_frame   0x00002478       0x20 C:/ST/STM32CubeIDE_1.15.1/STM32CubeIDE/plugins/com.st.stm32cube.ide.mcu.externaltools.gnu-tools-for-stm32.12.3.rel1.win32_1.1.0.202410251130/tools/bin/../lib/gcc/arm-none-eabi/12.3.1/../../../../arm-none-eabi/lib/thumb/v7e-m+fp/hard\libc_nano.a(libc_a-memset.o)
 .debug_frame   0x00002498       0x2c C:/ST/STM32CubeIDE_1.15.1/STM32CubeIDE/plugins/com.st.stm32cube.ide.mcu.externaltools.gnu-tools-for-stm32.12.3.rel1.win32_1.1.0.202410251130/tools/bin/../lib/gcc/arm-none-eabi/12.3.1/../../../../arm-none-eabi/lib/thumb/v7e-m+fp/hard\libc_nano.a(libc_a-init.o)
 .debug_frame   0x000024c4       0x2c C:/ST/STM32CubeIDE_1.15.1/STM32CubeIDE/plugins/com.st.stm32cube.ide.mcu.externaltools.gnu-tools-for-stm32.12.3.rel1.win32_1.1.0.202410251130/tools/bin/../lib/gcc/arm-none-eabi/12.3.1/thumb/v7e-m+fp/hard\libgcc.a(_aeabi_uldivmod.o)
 .debug_frame   0x000024f0       0x34 C:/ST/STM32CubeIDE_1.15.1/STM32CubeIDE/plugins/com.st.stm32cube.ide.mcu.externaltools.gnu-tools-for-stm32.12.3.rel1.win32_1.1.0.202410251130/tools/bin/../lib/gcc/arm-none-eabi/12.3.1/thumb/v7e-m+fp/hard\libgcc.a(_udivmoddi4.o)

.debug_line_str
                0x00000000       0x64
 .debug_line_str
                0x00000000       0x64 ./Core/Startup/startup_stm32f411retx.o
