../Drivers/VL53L4CX_BareDriver_1.2.14/BareDriver/platform/src/vl53lx_platform.c:38:14:VL53LX_CommsInitialise	24	static
../Drivers/VL53L4CX_BareDriver_1.2.14/BareDriver/platform/src/vl53lx_platform.c:50:14:VL53LX_CommsClose	24	static
../Drivers/VL53L4CX_BareDriver_1.2.14/BareDriver/platform/src/vl53lx_platform.c:60:14:VL53LX_WriteMulti	32	static
../Drivers/VL53L4CX_BareDriver_1.2.14/BareDriver/platform/src/vl53lx_platform.c:72:14:VL53LX_ReadMulti	32	static
../Drivers/VL53L4CX_BareDriver_1.2.14/BareDriver/platform/src/vl53lx_platform.c:84:14:VL53LX_WrByte	24	static
../Drivers/VL53L4CX_BareDriver_1.2.14/BareDriver/platform/src/vl53lx_platform.c:101:14:VL53LX_WrWord	24	static
../Drivers/VL53L4CX_BareDriver_1.2.14/BareDriver/platform/src/vl53lx_platform.c:119:14:VL53LX_WrDWord	32	static
../Drivers/VL53L4CX_BareDriver_1.2.14/BareDriver/platform/src/vl53lx_platform.c:139:14:VL53LX_RdByte	32	static
../Drivers/VL53L4CX_BareDriver_1.2.14/BareDriver/platform/src/vl53lx_platform.c:155:14:VL53LX_RdWord	32	static
../Drivers/VL53L4CX_BareDriver_1.2.14/BareDriver/platform/src/vl53lx_platform.c:175:14:VL53LX_RdDWord	32	static
../Drivers/VL53L4CX_BareDriver_1.2.14/BareDriver/platform/src/vl53lx_platform.c:196:14:VL53LX_WaitUs	24	static
../Drivers/VL53L4CX_BareDriver_1.2.14/BareDriver/platform/src/vl53lx_platform.c:206:14:VL53LX_WaitMs	24	static
../Drivers/VL53L4CX_BareDriver_1.2.14/BareDriver/platform/src/vl53lx_platform.c:217:14:VL53LX_GetTimerFrequency	24	static
../Drivers/VL53L4CX_BareDriver_1.2.14/BareDriver/platform/src/vl53lx_platform.c:225:14:VL53LX_GetTimerValue	24	static
../Drivers/VL53L4CX_BareDriver_1.2.14/BareDriver/platform/src/vl53lx_platform.c:235:14:VL53LX_GpioSetMode	24	static
../Drivers/VL53L4CX_BareDriver_1.2.14/BareDriver/platform/src/vl53lx_platform.c:243:15:VL53LX_GpioSetValue	24	static
../Drivers/VL53L4CX_BareDriver_1.2.14/BareDriver/platform/src/vl53lx_platform.c:252:15:VL53LX_GpioGetValue	24	static
../Drivers/VL53L4CX_BareDriver_1.2.14/BareDriver/platform/src/vl53lx_platform.c:261:15:VL53LX_GpioXshutdown	24	static
../Drivers/VL53L4CX_BareDriver_1.2.14/BareDriver/platform/src/vl53lx_platform.c:269:15:VL53LX_GpioCommsSelect	24	static
../Drivers/VL53L4CX_BareDriver_1.2.14/BareDriver/platform/src/vl53lx_platform.c:277:15:VL53LX_GpioPowerEnable	24	static
../Drivers/VL53L4CX_BareDriver_1.2.14/BareDriver/platform/src/vl53lx_platform.c:285:15:VL53LX_GpioInterruptEnable	24	static
../Drivers/VL53L4CX_BareDriver_1.2.14/BareDriver/platform/src/vl53lx_platform.c:293:15:VL53LX_GpioInterruptDisable	16	static
../Drivers/VL53L4CX_BareDriver_1.2.14/BareDriver/platform/src/vl53lx_platform.c:301:14:VL53LX_GetTickCount	24	static
../Drivers/VL53L4CX_BareDriver_1.2.14/BareDriver/platform/src/vl53lx_platform.c:324:14:VL53LX_WaitValueMaskEx	40	static
